Archive member included to satisfy reference by file (symbol)

c:/st/stm32cubeide_1.7.0/stm32cubeide/plugins/com.st.stm32cube.ide.mcu.externaltools.gnu-tools-for-stm32.9-2020-q2-update.win32_2.0.0.202105311346/tools/bin/../lib/gcc/arm-none-eabi/9.3.1/../../../../arm-none-eabi/lib/thumb/v7-m/nofp\libc_nano.a(lib_a-errno.o)
                              ./Core/Src/syscalls.o (__errno)
c:/st/stm32cubeide_1.7.0/stm32cubeide/plugins/com.st.stm32cube.ide.mcu.externaltools.gnu-tools-for-stm32.9-2020-q2-update.win32_2.0.0.202105311346/tools/bin/../lib/gcc/arm-none-eabi/9.3.1/../../../../arm-none-eabi/lib/thumb/v7-m/nofp\libc_nano.a(lib_a-exit.o)
                              c:/st/stm32cubeide_1.7.0/stm32cubeide/plugins/com.st.stm32cube.ide.mcu.externaltools.gnu-tools-for-stm32.9-2020-q2-update.win32_2.0.0.202105311346/tools/bin/../lib/gcc/arm-none-eabi/9.3.1/../../../../arm-none-eabi/lib/thumb/v7-m/nofp/crt0.o (exit)
c:/st/stm32cubeide_1.7.0/stm32cubeide/plugins/com.st.stm32cube.ide.mcu.externaltools.gnu-tools-for-stm32.9-2020-q2-update.win32_2.0.0.202105311346/tools/bin/../lib/gcc/arm-none-eabi/9.3.1/../../../../arm-none-eabi/lib/thumb/v7-m/nofp\libc_nano.a(lib_a-impure.o)
                              c:/st/stm32cubeide_1.7.0/stm32cubeide/plugins/com.st.stm32cube.ide.mcu.externaltools.gnu-tools-for-stm32.9-2020-q2-update.win32_2.0.0.202105311346/tools/bin/../lib/gcc/arm-none-eabi/9.3.1/../../../../arm-none-eabi/lib/thumb/v7-m/nofp\libc_nano.a(lib_a-exit.o) (_global_impure_ptr)
c:/st/stm32cubeide_1.7.0/stm32cubeide/plugins/com.st.stm32cube.ide.mcu.externaltools.gnu-tools-for-stm32.9-2020-q2-update.win32_2.0.0.202105311346/tools/bin/../lib/gcc/arm-none-eabi/9.3.1/../../../../arm-none-eabi/lib/thumb/v7-m/nofp\libc_nano.a(lib_a-init.o)
                              c:/st/stm32cubeide_1.7.0/stm32cubeide/plugins/com.st.stm32cube.ide.mcu.externaltools.gnu-tools-for-stm32.9-2020-q2-update.win32_2.0.0.202105311346/tools/bin/../lib/gcc/arm-none-eabi/9.3.1/../../../../arm-none-eabi/lib/thumb/v7-m/nofp/crt0.o (__libc_init_array)
c:/st/stm32cubeide_1.7.0/stm32cubeide/plugins/com.st.stm32cube.ide.mcu.externaltools.gnu-tools-for-stm32.9-2020-q2-update.win32_2.0.0.202105311346/tools/bin/../lib/gcc/arm-none-eabi/9.3.1/../../../../arm-none-eabi/lib/thumb/v7-m/nofp\libc_nano.a(lib_a-memset.o)
                              c:/st/stm32cubeide_1.7.0/stm32cubeide/plugins/com.st.stm32cube.ide.mcu.externaltools.gnu-tools-for-stm32.9-2020-q2-update.win32_2.0.0.202105311346/tools/bin/../lib/gcc/arm-none-eabi/9.3.1/../../../../arm-none-eabi/lib/thumb/v7-m/nofp/crt0.o (memset)
c:/st/stm32cubeide_1.7.0/stm32cubeide/plugins/com.st.stm32cube.ide.mcu.externaltools.gnu-tools-for-stm32.9-2020-q2-update.win32_2.0.0.202105311346/tools/bin/../lib/gcc/arm-none-eabi/9.3.1/../../../../arm-none-eabi/lib/thumb/v7-m/nofp\libm.a(lib_a-w_pow.o)
                              ./Core/Src/rtd_calculator.o (pow)
c:/st/stm32cubeide_1.7.0/stm32cubeide/plugins/com.st.stm32cube.ide.mcu.externaltools.gnu-tools-for-stm32.9-2020-q2-update.win32_2.0.0.202105311346/tools/bin/../lib/gcc/arm-none-eabi/9.3.1/../../../../arm-none-eabi/lib/thumb/v7-m/nofp\libm.a(lib_a-w_sqrt.o)
                              ./Core/Src/rtd_calculator.o (sqrt)
c:/st/stm32cubeide_1.7.0/stm32cubeide/plugins/com.st.stm32cube.ide.mcu.externaltools.gnu-tools-for-stm32.9-2020-q2-update.win32_2.0.0.202105311346/tools/bin/../lib/gcc/arm-none-eabi/9.3.1/../../../../arm-none-eabi/lib/thumb/v7-m/nofp\libm.a(lib_a-e_pow.o)
                              c:/st/stm32cubeide_1.7.0/stm32cubeide/plugins/com.st.stm32cube.ide.mcu.externaltools.gnu-tools-for-stm32.9-2020-q2-update.win32_2.0.0.202105311346/tools/bin/../lib/gcc/arm-none-eabi/9.3.1/../../../../arm-none-eabi/lib/thumb/v7-m/nofp\libm.a(lib_a-w_pow.o) (__ieee754_pow)
c:/st/stm32cubeide_1.7.0/stm32cubeide/plugins/com.st.stm32cube.ide.mcu.externaltools.gnu-tools-for-stm32.9-2020-q2-update.win32_2.0.0.202105311346/tools/bin/../lib/gcc/arm-none-eabi/9.3.1/../../../../arm-none-eabi/lib/thumb/v7-m/nofp\libm.a(lib_a-e_sqrt.o)
                              c:/st/stm32cubeide_1.7.0/stm32cubeide/plugins/com.st.stm32cube.ide.mcu.externaltools.gnu-tools-for-stm32.9-2020-q2-update.win32_2.0.0.202105311346/tools/bin/../lib/gcc/arm-none-eabi/9.3.1/../../../../arm-none-eabi/lib/thumb/v7-m/nofp\libm.a(lib_a-w_sqrt.o) (__ieee754_sqrt)
c:/st/stm32cubeide_1.7.0/stm32cubeide/plugins/com.st.stm32cube.ide.mcu.externaltools.gnu-tools-for-stm32.9-2020-q2-update.win32_2.0.0.202105311346/tools/bin/../lib/gcc/arm-none-eabi/9.3.1/../../../../arm-none-eabi/lib/thumb/v7-m/nofp\libm.a(lib_a-s_fabs.o)
                              c:/st/stm32cubeide_1.7.0/stm32cubeide/plugins/com.st.stm32cube.ide.mcu.externaltools.gnu-tools-for-stm32.9-2020-q2-update.win32_2.0.0.202105311346/tools/bin/../lib/gcc/arm-none-eabi/9.3.1/../../../../arm-none-eabi/lib/thumb/v7-m/nofp\libm.a(lib_a-e_pow.o) (fabs)
[...]
Memory Configuration

Name             Origin             Length             Attributes
RAM              0x0000000020000000 0x0000000000005000 xrw
FLASH            0x0000000008000000 0x0000000000010000 xr
*default*        0x0000000000000000 0xffffffffffffffff

Linker script and memory map

LOAD c:/st/stm32cubeide_1.7.0/stm32cubeide/plugins/com.st.stm32cube.ide.mcu.externaltools.gnu-tools-for-stm32.9-2020-q2-update.win32_2.0.0.202105311346/tools/bin/../lib/gcc/arm-none-eabi/9.3.1/thumb/v7-m/nofp/crti.o
LOAD c:/st/stm32cubeide_1.7.0/stm32cubeide/plugins/com.st.stm32cube.ide.mcu.externaltools.gnu-tools-for-stm32.9-2020-q2-update.win32_2.0.0.202105311346/tools/bin/../lib/gcc/arm-none-eabi/9.3.1/thumb/v7-m/nofp/crtbegin.o
LOAD c:/st/stm32cubeide_1.7.0/stm32cubeide/plugins/com.st.stm32cube.ide.mcu.externaltools.gnu-tools-for-stm32.9-2020-q2-update.win32_2.0.0.202105311346/tools/bin/../lib/gcc/arm-none-eabi/9.3.1/../../../../arm-none-eabi/lib/thumb/v7-m/nofp/crt0.o
LOAD ./Core/Src/MAX31865.o
LOAD ./Core/Src/main.o
LOAD ./Core/Src/rtd_calculator.o
LOAD ./Core/Src/stm32f103xx_CMSIS.o
LOAD ./Core/Src/syscalls.o
LOAD ./Core/Src/sysmem.o
LOAD ./Core/Src/system_stm32f1xx.o
LOAD ./Core/Startup/startup_stm32f103c8tx.o
START GROUP
LOAD c:/st/stm32cubeide_1.7.0/stm32cubeide/plugins/com.st.stm32cube.ide.mcu.externaltools.gnu-tools-for-stm32.9-2020-q2-update.win32_2.0.0.202105311346/tools/bin/../lib/gcc/arm-none-eabi/9.3.1/../../../../arm-none-eabi/lib/thumb/v7-m/nofp\libc_nano.a
LOAD c:/st/stm32cubeide_1.7.0/stm32cubeide/plugins/com.st.stm32cube.ide.mcu.externaltools.gnu-tools-for-stm32.9-2020-q2-update.win32_2.0.0.202105311346/tools/bin/../lib/gcc/arm-none-eabi/9.3.1/../../../../arm-none-eabi/lib/thumb/v7-m/nofp\libm.a
END GROUP
START GROUP
LOAD c:/st/stm32cubeide_1.7.0/stm32cubeide/plugins/com.st.stm32cube.ide.mcu.externaltools.gnu-tools-for-stm32.9-2020-q2-update.win32_2.0.0.202105311346/tools/bin/../lib/gcc/arm-none-eabi/9.3.1/thumb/v7-m/nofp\libgcc.a
LOAD c:/st/stm32cubeide_1.7.0/stm32cubeide/plugins/com.st.stm32cube.ide.mcu.externaltools.gnu-tools-for-stm32.9-2020-q2-update.win32_2.0.0.202105311346/tools/bin/../lib/gcc/arm-none-eabi/9.3.1/../../../../arm-none-eabi/lib/thumb/v7-m/nofp\libc_nano.a
END GROUP
START GROUP
LOAD c:/st/stm32cubeide_1.7.0/stm32cubeide/plugins/com.st.stm32cube.ide.mcu.externaltools.gnu-tools-for-stm32.9-2020-q2-update.win32_2.0.0.202105311346/tools/bin/../lib/gcc/arm-none-eabi/9.3.1/thumb/v7-m/nofp\libgcc.a
LOAD c:/st/stm32cubeide_1.7.0/stm32cubeide/plugins/com.st.stm32cube.ide.mcu.externaltools.gnu-tools-for-stm32.9-2020-q2-update.win32_2.0.0.202105311346/tools/bin/../lib/gcc/arm-none-eabi/9.3.1/../../../../arm-none-eabi/lib/thumb/v7-m/nofp\libc_nano.a
LOAD c:/st/stm32cubeide_1.7.0/stm32cubeide/plugins/com.st.stm32cube.ide.mcu.externaltools.gnu-tools-for-stm32.9-2020-q2-update.win32_2.0.0.202105311346/tools/bin/../lib/gcc/arm-none-eabi/9.3.1/../../../../arm-none-eabi/lib/thumb/v7-m/nofp\libnosys.a
END GROUP
START GROUP
LOAD c:/st/stm32cubeide_1.7.0/stm32cubeide/plugins/com.st.stm32cube.ide.mcu.externaltools.gnu-tools-for-stm32.9-2020-q2-update.win32_2.0.0.202105311346/tools/bin/../lib/gcc/arm-none-eabi/9.3.1/thumb/v7-m/nofp\libgcc.a
LOAD c:/st/stm32cubeide_1.7.0/stm32cubeide/plugins/com.st.stm32cube.ide.mcu.externaltools.gnu-tools-for-stm32.9-2020-q2-update.win32_2.0.0.202105311346/tools/bin/../lib/gcc/arm-none-eabi/9.3.1/../../../../arm-none-eabi/lib/thumb/v7-m/nofp\libc_nano.a
LOAD c:/st/stm32cubeide_1.7.0/stm32cubeide/plugins/com.st.stm32cube.ide.mcu.externaltools.gnu-tools-for-stm32.9-2020-q2-update.win32_2.0.0.202105311346/tools/bin/../lib/gcc/arm-none-eabi/9.3.1/../../../../arm-none-eabi/lib/thumb/v7-m/nofp\libnosys.a
END GROUP
LOAD c:/st/stm32cubeide_1.7.0/stm32cubeide/plugins/com.st.stm32cube.ide.mcu.externaltools.gnu-tools-for-stm32.9-2020-q2-update.win32_2.0.0.202105311346/tools/bin/../lib/gcc/arm-none-eabi/9.3.1/thumb/v7-m/nofp/crtend.o
LOAD c:/st/stm32cubeide_1.7.0/stm32cubeide/plugins/com.st.stm32cube.ide.mcu.externaltools.gnu-tools-for-stm32.9-2020-q2-update.win32_2.0.0.202105311346/tools/bin/../lib/gcc/arm-none-eabi/9.3.1/thumb/v7-m/nofp/crtn.o
                0x0000000020005000                _estack = (ORIGIN (RAM) + LENGTH (RAM))
                0x0000000000000100                _Min_Heap_Size = 0x100
                0x0000000000000200                _Min_Stack_Size = 0x200

.isr_vector     0x0000000008000000      0x10c
                0x0000000008000000                . = ALIGN (0x4)
 *(.isr_vector)
 .isr_vector    0x0000000008000000      0x10c ./Core/Startup/startup_stm32f103c8tx.o
                0x0000000008000000                g_pfnVectors
                0x000000000800010c                . = ALIGN (0x4)

.text           0x0000000008000110     0x256c
                0x0000000008000110                . = ALIGN (0x4)
 *(.text)
 .text          0x0000000008000110       0x40 c:/st/stm32cubeide_1.7.0/stm32cubeide/plugins/com.st.stm32cube.ide.mcu.externaltools.gnu-tools-for-stm32.9-2020-q2-update.win32_2.0.0.202105311346/tools/bin/../lib/gcc/arm-none-eabi/9.3.1/thumb/v7-m/nofp/crtbegin.o
 .text          0x0000000008000150      0x378 c:/st/stm32cubeide_1.7.0/stm32cubeide/plugins/com.st.stm32cube.ide.mcu.externaltools.gnu-tools-for-stm32.9-2020-q2-update.win32_2.0.0.202105311346/tools/bin/../lib/gcc/arm-none-eabi/9.3.1/thumb/v7-m/nofp\libgcc.a(_arm_addsubdf3.o)
                0x0000000008000150                __aeabi_drsub
                0x0000000008000158                __aeabi_dsub
                0x0000000008000158                __subdf3
                0x000000000800015c                __aeabi_dadd
                0x000000000800015c                __adddf3
                0x00000000080003d4                __floatunsidf
                0x00000000080003d4                __aeabi_ui2d
                0x00000000080003f4                __floatsidf
                0x00000000080003f4                __aeabi_i2d
                0x0000000008000418                __aeabi_f2d
                0x0000000008000418                __extendsfdf2
                0x000000000800045c                __floatundidf
                0x000000000800045c                __aeabi_ul2d
                0x000000000800046c                __floatdidf
                0x000000000800046c                __aeabi_l2d
 .text          0x00000000080004c8      0x424 c:/st/stm32cubeide_1.7.0/stm32cubeide/plugins/com.st.stm32cube.ide.mcu.externaltools.gnu-tools-for-stm32.9-2020-q2-update.win32_2.0.0.202105311346/tools/bin/../lib/gcc/arm-none-eabi/9.3.1/thumb/v7-m/nofp\libgcc.a(_arm_muldivdf3.o)
                0x00000000080004c8                __aeabi_dmul
                0x00000000080004c8                __muldf3
                0x000000000800071c                __divdf3
                0x000000000800071c                __aeabi_ddiv
 .text          0x00000000080008ec      0x110 c:/st/stm32cubeide_1.7.0/stm32cubeide/plugins/com.st.stm32cube.ide.mcu.externaltools.gnu-tools-for-stm32.9-2020-q2-update.win32_2.0.0.202105311346/tools/bin/../lib/gcc/arm-none-eabi/9.3.1/thumb/v7-m/nofp\libgcc.a(_arm_cmpdf2.o)
                0x00000000080008ec                __gtdf2
                0x00000000080008ec                __gedf2
                0x00000000080008f4                __ltdf2
                0x00000000080008f4                __ledf2
                0x00000000080008fc                __nedf2
                0x00000000080008fc                __eqdf2
                0x00000000080008fc                __cmpdf2
                0x0000000008000978                __aeabi_cdrcmple
                0x0000000008000988                __aeabi_cdcmpeq
                0x0000000008000988                __aeabi_cdcmple
                0x0000000008000998                __aeabi_dcmpeq
                0x00000000080009ac                __aeabi_dcmplt
                0x00000000080009c0                __aeabi_dcmple
                0x00000000080009d4                __aeabi_dcmpge
                0x00000000080009e8                __aeabi_dcmpgt
 .text          0x00000000080009fc       0x2c c:/st/stm32cubeide_1.7.0/stm32cubeide/plugins/com.st.stm32cube.ide.mcu.externaltools.gnu-tools-for-stm32.9-2020-q2-update.win32_2.0.0.202105311346/tools/bin/../lib/gcc/arm-none-eabi/9.3.1/thumb/v7-m/nofp\libgcc.a(_arm_unorddf2.o)
                0x00000000080009fc                __unorddf2
                0x00000000080009fc                __aeabi_dcmpun
 .text          0x0000000008000a28       0xa0 c:/st/stm32cubeide_1.7.0/stm32cubeide/plugins/com.st.stm32cube.ide.mcu.externaltools.gnu-tools-for-stm32.9-2020-q2-update.win32_2.0.0.202105311346/tools/bin/../lib/gcc/arm-none-eabi/9.3.1/thumb/v7-m/nofp\libgcc.a(_arm_truncdfsf2.o)
                0x0000000008000a28                __truncdfsf2
                0x0000000008000a28                __aeabi_d2f
 *(.text*)
 .text.MAX31865_Init
                0x0000000008000ac8       0x60 ./Core/Src/MAX31865.o
                0x0000000008000ac8                MAX31865_Init
 .text.MAX31865_Get_Resistance
                0x0000000008000b28       0xd4 ./Core/Src/MAX31865.o
                0x0000000008000b28                MAX31865_Get_Resistance
 .text.MAX31865_Get_Temperature
                0x0000000008000bfc       0x34 ./Core/Src/MAX31865.o
                0x0000000008000bfc                MAX31865_Get_Temperature
 .text.main     0x0000000008000c30       0xe0 ./Core/Src/main.o
                0x0000000008000c30                main
 .text.Get_Temperature_PT
                0x0000000008000d10      0x274 ./Core/Src/rtd_calculator.o
                0x0000000008000d10                Get_Temperature_PT
 .text.CMSIS_Debug_init
                0x0000000008000f84       0x5c ./Core/Src/stm32f103xx_CMSIS.o
                0x0000000008000f84                CMSIS_Debug_init
 .text.CMSIS_RCC_SystemClock_72MHz
                0x0000000008000fe0      0x12c ./Core/Src/stm32f103xx_CMSIS.o
                0x0000000008000fe0                CMSIS_RCC_SystemClock_72MHz
 .text.CMSIS_SysTick_Timer_init
                0x000000000800110c       0x64 ./Core/Src/stm32f103xx_CMSIS.o
                0x000000000800110c                CMSIS_SysTick_Timer_init
 .text.Delay_ms
                0x0000000008001170       0x28 ./Core/Src/stm32f103xx_CMSIS.o
                0x0000000008001170                Delay_ms
 .text.SysTick_Handler
                0x0000000008001198       0x48 ./Core/Src/stm32f103xx_CMSIS.o
                0x0000000008001198                SysTick_Handler
 .text.EXTI0_IRQHandler
                0x00000000080011e0       0x1c ./Core/Src/stm32f103xx_CMSIS.o
                0x00000000080011e0                EXTI0_IRQHandler
 .text.TIM3_IRQHandler
                0x00000000080011fc       0x28 ./Core/Src/stm32f103xx_CMSIS.o
                0x00000000080011fc                TIM3_IRQHandler
 .text.ADC1_2_IRQHandler
                0x0000000008001224       0x20 ./Core/Src/stm32f103xx_CMSIS.o
                0x0000000008001224                ADC1_2_IRQHandler
 .text.DMA1_Channel1_IRQHandler
                0x0000000008001244       0x44 ./Core/Src/stm32f103xx_CMSIS.o
                0x0000000008001244                DMA1_Channel1_IRQHandler
 .text.USART1_IRQHandler
                0x0000000008001288       0x5c ./Core/Src/stm32f103xx_CMSIS.o
                0x0000000008001288                USART1_IRQHandler
 .text.USART2_IRQHandler
                0x00000000080012e4       0x5c ./Core/Src/stm32f103xx_CMSIS.o
                0x00000000080012e4                USART2_IRQHandler
 .text.CMSIS_SPI1_init
                0x0000000008001340      0x190 ./Core/Src/stm32f103xx_CMSIS.o
                0x0000000008001340                CMSIS_SPI1_init
 .text.CMSIS_SPI_Data_Transmit_8BIT
                0x00000000080014d0       0xbc ./Core/Src/stm32f103xx_CMSIS.o
                0x00000000080014d0                CMSIS_SPI_Data_Transmit_8BIT
 .text.CMSIS_SPI_Data_Receive_8BIT
                0x000000000800158c       0xb4 ./Core/Src/stm32f103xx_CMSIS.o
                0x000000000800158c                CMSIS_SPI_Data_Receive_8BIT
 .text.SystemInit
                0x0000000008001640        0xc ./Core/Src/system_stm32f1xx.o
                0x0000000008001640                SystemInit
 .text.Reset_Handler
                0x000000000800164c       0x48 ./Core/Startup/startup_stm32f103c8tx.o
                0x000000000800164c                Reset_Handler
 .text.Default_Handler
                0x0000000008001694        0x2 ./Core/Startup/startup_stm32f103c8tx.o
                0x0000000008001694                RTC_Alarm_IRQHandler
                0x0000000008001694                EXTI2_IRQHandler
                0x0000000008001694                DebugMon_Handler
                0x0000000008001694                TIM1_CC_IRQHandler
                0x0000000008001694                HardFault_Handler
                0x0000000008001694                PVD_IRQHandler
                0x0000000008001694                PendSV_Handler
                0x0000000008001694                NMI_Handler
                0x0000000008001694                EXTI3_IRQHandler
                0x0000000008001694                I2C2_EV_IRQHandler
                0x0000000008001694                UsageFault_Handler
                0x0000000008001694                SPI1_IRQHandler
                0x0000000008001694                TAMPER_IRQHandler
                0x0000000008001694                DMA1_Channel4_IRQHandler
                0x0000000008001694                USART3_IRQHandler
                0x0000000008001694                RTC_IRQHandler
                0x0000000008001694                DMA1_Channel7_IRQHandler
                0x0000000008001694                CAN1_RX1_IRQHandler
                0x0000000008001694                TIM4_IRQHandler
                0x0000000008001694                I2C1_EV_IRQHandler
                0x0000000008001694                DMA1_Channel6_IRQHandler
                0x0000000008001694                RCC_IRQHandler
                0x0000000008001694                TIM1_TRG_COM_IRQHandler
                0x0000000008001694                Default_Handler
                0x0000000008001694                EXTI15_10_IRQHandler
                0x0000000008001694                EXTI9_5_IRQHandler
                0x0000000008001694                SPI2_IRQHandler
                0x0000000008001694                MemManage_Handler
                0x0000000008001694                SVC_Handler
                0x0000000008001694                DMA1_Channel5_IRQHandler
                0x0000000008001694                EXTI4_IRQHandler
                0x0000000008001694                USB_LP_CAN1_RX0_IRQHandler
                0x0000000008001694                USB_HP_CAN1_TX_IRQHandler
                0x0000000008001694                DMA1_Channel3_IRQHandler
                0x0000000008001694                TIM1_UP_IRQHandler
                0x0000000008001694                WWDG_IRQHandler
                0x0000000008001694                TIM2_IRQHandler
                0x0000000008001694                TIM1_BRK_IRQHandler
                0x0000000008001694                EXTI1_IRQHandler
                0x0000000008001694                I2C2_ER_IRQHandler
                0x0000000008001694                DMA1_Channel2_IRQHandler
                0x0000000008001694                CAN1_SCE_IRQHandler
                0x0000000008001694                FLASH_IRQHandler
                0x0000000008001694                BusFault_Handler
                0x0000000008001694                I2C1_ER_IRQHandler
                0x0000000008001694                USBWakeUp_IRQHandler
 *fill*         0x0000000008001696        0x2 
 .text.__errno  0x0000000008001698        0xc c:/st/stm32cubeide_1.7.0/stm32cubeide/plugins/com.st.stm32cube.ide.mcu.externaltools.gnu-tools-for-stm32.9-2020-q2-update.win32_2.0.0.202105311346/tools/bin/../lib/gcc/arm-none-eabi/9.3.1/../../../../arm-none-eabi/lib/thumb/v7-m/nofp\libc_nano.a(lib_a-errno.o)
                0x0000000008001698                __errno
 .text.__libc_init_array
                0x00000000080016a4       0x48 c:/st/stm32cubeide_1.7.0/stm32cubeide/plugins/com.st.stm32cube.ide.mcu.externaltools.gnu-tools-for-stm32.9-2020-q2-update.win32_2.0.0.202105311346/tools/bin/../lib/gcc/arm-none-eabi/9.3.1/../../../../arm-none-eabi/lib/thumb/v7-m/nofp\libc_nano.a(lib_a-init.o)
                0x00000000080016a4                __libc_init_array
 .text.pow      0x00000000080016ec      0x158 c:/st/stm32cubeide_1.7.0/stm32cubeide/plugins/com.st.stm32cube.ide.mcu.externaltools.gnu-tools-for-stm32.9-2020-q2-update.win32_2.0.0.202105311346/tools/bin/../lib/gcc/arm-none-eabi/9.3.1/../../../../arm-none-eabi/lib/thumb/v7-m/nofp\libm.a(lib_a-w_pow.o)
                0x00000000080016ec                pow
 .text.sqrt     0x0000000008001844       0x58 c:/st/stm32cubeide_1.7.0/stm32cubeide/plugins/com.st.stm32cube.ide.mcu.externaltools.gnu-tools-for-stm32.9-2020-q2-update.win32_2.0.0.202105311346/tools/bin/../lib/gcc/arm-none-eabi/9.3.1/../../../../arm-none-eabi/lib/thumb/v7-m/nofp\libm.a(lib_a-w_sqrt.o)
                0x0000000008001844                sqrt
 *fill*         0x000000000800189c        0x4 
 .text.__ieee754_pow
                0x00000000080018a0      0xa2c c:/st/stm32cubeide_1.7.0/stm32cubeide/plugins/com.st.stm32cube.ide.mcu.externaltools.gnu-tools-for-stm32.9-2020-q2-update.win32_2.0.0.202105311346/tools/bin/../lib/gcc/arm-none-eabi/9.3.1/../../../../arm-none-eabi/lib/thumb/v7-m/nofp\libm.a(lib_a-e_pow.o)
                0x00000000080018a0                __ieee754_pow
 .text.__ieee754_sqrt
                0x00000000080022cc      0x158 c:/st/stm32cubeide_1.7.0/stm32cubeide/plugins/com.st.stm32cube.ide.mcu.externaltools.gnu-tools-for-stm32.9-2020-q2-update.win32_2.0.0.202105311346/tools/bin/../lib/gcc/arm-none-eabi/9.3.1/../../../../arm-none-eabi/lib/thumb/v7-m/nofp\libm.a(lib_a-e_sqrt.o)
                0x00000000080022cc                __ieee754_sqrt
 .text.fabs     0x0000000008002424        0x6 c:/st/stm32cubeide_1.7.0/stm32cubeide/plugins/com.st.stm32cube.ide.mcu.externaltools.gnu-tools-for-stm32.9-2020-q2-update.win32_2.0.0.202105311346/tools/bin/../lib/gcc/arm-none-eabi/9.3.1/../../../../arm-none-eabi/lib/thumb/v7-m/nofp\libm.a(lib_a-s_fabs.o)
                0x0000000008002424                fabs
 .text.finite   0x000000000800242a        0xc c:/st/stm32cubeide_1.7.0/stm32cubeide/plugins/com.st.stm32cube.ide.mcu.externaltools.gnu-tools-for-stm32.9-2020-q2-update.win32_2.0.0.202105311346/tools/bin/../lib/gcc/arm-none-eabi/9.3.1/../../../../arm-none-eabi/lib/thumb/v7-m/nofp\libm.a(lib_a-s_finite.o)
                0x000000000800242a                finite
 *fill*         0x0000000008002436        0x2 
 .text.nan      0x0000000008002438        0xc c:/st/stm32cubeide_1.7.0/stm32cubeide/plugins/com.st.stm32cube.ide.mcu.externaltools.gnu-tools-for-stm32.9-2020-q2-update.win32_2.0.0.202105311346/tools/bin/../lib/gcc/arm-none-eabi/9.3.1/../../../../arm-none-eabi/lib/thumb/v7-m/nofp\libm.a(lib_a-s_nan.o)
                0x0000000008002438                nan
 .text.rint     0x0000000008002444      0x114 c:/st/stm32cubeide_1.7.0/stm32cubeide/plugins/com.st.stm32cube.ide.mcu.externaltools.gnu-tools-for-stm32.9-2020-q2-update.win32_2.0.0.202105311346/tools/bin/../lib/gcc/arm-none-eabi/9.3.1/../../../../arm-none-eabi/lib/thumb/v7-m/nofp\libm.a(lib_a-s_rint.o)
                0x0000000008002444                rint
 .text.scalbn   0x0000000008002558      0x10c c:/st/stm32cubeide_1.7.0/stm32cubeide/plugins/com.st.stm32cube.ide.mcu.externaltools.gnu-tools-for-stm32.9-2020-q2-update.win32_2.0.0.202105311346/tools/bin/../lib/gcc/arm-none-eabi/9.3.1/../../../../arm-none-eabi/lib/thumb/v7-m/nofp\libm.a(lib_a-s_scalbn.o)
                0x0000000008002558                scalbn
 *(.glue_7)
 .glue_7        0x0000000008002664        0x0 linker stubs
 *(.glue_7t)
 .glue_7t       0x0000000008002664        0x0 linker stubs
 *(.eh_frame)
 .eh_frame      0x0000000008002664        0x0 c:/st/stm32cubeide_1.7.0/stm32cubeide/plugins/com.st.stm32cube.ide.mcu.externaltools.gnu-tools-for-stm32.9-2020-q2-update.win32_2.0.0.202105311346/tools/bin/../lib/gcc/arm-none-eabi/9.3.1/thumb/v7-m/nofp/crtbegin.o
 *(.init)
 .init          0x0000000008002664        0x4 c:/st/stm32cubeide_1.7.0/stm32cubeide/plugins/com.st.stm32cube.ide.mcu.externaltools.gnu-tools-for-stm32.9-2020-q2-update.win32_2.0.0.202105311346/tools/bin/../lib/gcc/arm-none-eabi/9.3.1/thumb/v7-m/nofp/crti.o
                0x0000000008002664                _init
 .init          0x0000000008002668        0x8 c:/st/stm32cubeide_1.7.0/stm32cubeide/plugins/com.st.stm32cube.ide.mcu.externaltools.gnu-tools-for-stm32.9-2020-q2-update.win32_2.0.0.202105311346/tools/bin/../lib/gcc/arm-none-eabi/9.3.1/thumb/v7-m/nofp/crtn.o
 *(.fini)
 .fini          0x0000000008002670        0x4 c:/st/stm32cubeide_1.7.0/stm32cubeide/plugins/com.st.stm32cube.ide.mcu.externaltools.gnu-tools-for-stm32.9-2020-q2-update.win32_2.0.0.202105311346/tools/bin/../lib/gcc/arm-none-eabi/9.3.1/thumb/v7-m/nofp/crti.o
                0x0000000008002670                _fini
 .fini          0x0000000008002674        0x8 c:/st/stm32cubeide_1.7.0/stm32cubeide/plugins/com.st.stm32cube.ide.mcu.externaltools.gnu-tools-for-stm32.9-2020-q2-update.win32_2.0.0.202105311346/tools/bin/../lib/gcc/arm-none-eabi/9.3.1/thumb/v7-m/nofp/crtn.o
                0x000000000800267c                . = ALIGN (0x4)
                0x000000000800267c                _etext = .

.vfp11_veneer   0x000000000800267c        0x0
 .vfp11_veneer  0x000000000800267c        0x0 linker stubs

.v4_bx          0x000000000800267c        0x0
 .v4_bx         0x000000000800267c        0x0 linker stubs

.iplt           0x000000000800267c        0x0
 .iplt          0x000000000800267c        0x0 c:/st/stm32cubeide_1.7.0/stm32cubeide/plugins/com.st.stm32cube.ide.mcu.externaltools.gnu-tools-for-stm32.9-2020-q2-update.win32_2.0.0.202105311346/tools/bin/../lib/gcc/arm-none-eabi/9.3.1/thumb/v7-m/nofp/crtbegin.o

.rodata         0x0000000008002680       0x48
                0x0000000008002680                . = ALIGN (0x4)
 *(.rodata)
 *(.rodata*)
 .rodata.__ieee754_pow.str1.1
                0x0000000008002680        0x1 c:/st/stm32cubeide_1.7.0/stm32cubeide/plugins/com.st.stm32cube.ide.mcu.externaltools.gnu-tools-for-stm32.9-2020-q2-update.win32_2.0.0.202105311346/tools/bin/../lib/gcc/arm-none-eabi/9.3.1/../../../../arm-none-eabi/lib/thumb/v7-m/nofp\libm.a(lib_a-e_pow.o)
 *fill*         0x0000000008002681        0x7 
 .rodata.bp     0x0000000008002688       0x10 c:/st/stm32cubeide_1.7.0/stm32cubeide/plugins/com.st.stm32cube.ide.mcu.externaltools.gnu-tools-for-stm32.9-2020-q2-update.win32_2.0.0.202105311346/tools/bin/../lib/gcc/arm-none-eabi/9.3.1/../../../../arm-none-eabi/lib/thumb/v7-m/nofp\libm.a(lib_a-e_pow.o)
 .rodata.dp_h   0x0000000008002698       0x10 c:/st/stm32cubeide_1.7.0/stm32cubeide/plugins/com.st.stm32cube.ide.mcu.externaltools.gnu-tools-for-stm32.9-2020-q2-update.win32_2.0.0.202105311346/tools/bin/../lib/gcc/arm-none-eabi/9.3.1/../../../../arm-none-eabi/lib/thumb/v7-m/nofp\libm.a(lib_a-e_pow.o)
 .rodata.dp_l   0x00000000080026a8       0x10 c:/st/stm32cubeide_1.7.0/stm32cubeide/plugins/com.st.stm32cube.ide.mcu.externaltools.gnu-tools-for-stm32.9-2020-q2-update.win32_2.0.0.202105311346/tools/bin/../lib/gcc/arm-none-eabi/9.3.1/../../../../arm-none-eabi/lib/thumb/v7-m/nofp\libm.a(lib_a-e_pow.o)
 .rodata.TWO52  0x00000000080026b8       0x10 c:/st/stm32cubeide_1.7.0/stm32cubeide/plugins/com.st.stm32cube.ide.mcu.externaltools.gnu-tools-for-stm32.9-2020-q2-update.win32_2.0.0.202105311346/tools/bin/../lib/gcc/arm-none-eabi/9.3.1/../../../../arm-none-eabi/lib/thumb/v7-m/nofp\libm.a(lib_a-s_rint.o)
                0x00000000080026c8                . = ALIGN (0x4)

.rel.dyn        0x00000000080026c8        0x0
 .rel.iplt      0x00000000080026c8        0x0 c:/st/stm32cubeide_1.7.0/stm32cubeide/plugins/com.st.stm32cube.ide.mcu.externaltools.gnu-tools-for-stm32.9-2020-q2-update.win32_2.0.0.202105311346/tools/bin/../lib/gcc/arm-none-eabi/9.3.1/thumb/v7-m/nofp/crtbegin.o

.ARM.extab      0x00000000080026c8        0x0
                0x00000000080026c8                . = ALIGN (0x4)
 *(.ARM.extab* .gnu.linkonce.armextab.*)
                0x00000000080026c8                . = ALIGN (0x4)

.ARM            0x00000000080026c8        0x0
                0x00000000080026c8                . = ALIGN (0x4)
                0x00000000080026c8                __exidx_start = .
 *(.ARM.exidx*)
                0x00000000080026c8                __exidx_end = .
                0x00000000080026c8                . = ALIGN (0x4)

.preinit_array  0x00000000080026c8        0x0
                0x00000000080026c8                . = ALIGN (0x4)
                0x00000000080026c8                PROVIDE (__preinit_array_start = .)
 *(.preinit_array*)
                0x00000000080026c8                PROVIDE (__preinit_array_end = .)
                0x00000000080026c8                . = ALIGN (0x4)

.init_array     0x00000000080026c8        0x4
                0x00000000080026c8                . = ALIGN (0x4)
                0x00000000080026c8                PROVIDE (__init_array_start = .)
 *(SORT_BY_NAME(.init_array.*))
 *(.init_array*)
 .init_array    0x00000000080026c8        0x4 c:/st/stm32cubeide_1.7.0/stm32cubeide/plugins/com.st.stm32cube.ide.mcu.externaltools.gnu-tools-for-stm32.9-2020-q2-update.win32_2.0.0.202105311346/tools/bin/../lib/gcc/arm-none-eabi/9.3.1/thumb/v7-m/nofp/crtbegin.o
                0x00000000080026cc                PROVIDE (__init_array_end = .)
                0x00000000080026cc                . = ALIGN (0x4)

.fini_array     0x00000000080026cc        0x4
                0x00000000080026cc                . = ALIGN (0x4)
                [!provide]                        PROVIDE (__fini_array_start = .)
 *(SORT_BY_NAME(.fini_array.*))
 *(.fini_array*)
 .fini_array    0x00000000080026cc        0x4 c:/st/stm32cubeide_1.7.0/stm32cubeide/plugins/com.st.stm32cube.ide.mcu.externaltools.gnu-tools-for-stm32.9-2020-q2-update.win32_2.0.0.202105311346/tools/bin/../lib/gcc/arm-none-eabi/9.3.1/thumb/v7-m/nofp/crtbegin.o
                [!provide]                        PROVIDE (__fini_array_end = .)
                0x00000000080026d0                . = ALIGN (0x4)
                0x00000000080026d0                _sidata = LOADADDR (.data)

.data           0x0000000020000000       0xb0 load address 0x00000000080026d0
                0x0000000020000000                . = ALIGN (0x4)
                0x0000000020000000                _sdata = .
 *(.data)
 *(.data*)
 .data.MAX31865_Correction_multiplicative
                0x0000000020000000        0x4 ./Core/Src/MAX31865.o
                0x0000000020000000                MAX31865_Correction_multiplicative
 *fill*         0x0000000020000004        0x4 
 .data.PT_D_385
                0x0000000020000008       0x20 ./Core/Src/rtd_calculator.o
                0x0000000020000008                PT_D_385
 .data.PT_D_391
                0x0000000020000028       0x20 ./Core/Src/rtd_calculator.o
                0x0000000020000028                PT_D_391
 .data._impure_ptr
                0x0000000020000048        0x4 c:/st/stm32cubeide_1.7.0/stm32cubeide/plugins/com.st.stm32cube.ide.mcu.externaltools.gnu-tools-for-stm32.9-2020-q2-update.win32_2.0.0.202105311346/tools/bin/../lib/gcc/arm-none-eabi/9.3.1/../../../../arm-none-eabi/lib/thumb/v7-m/nofp\libc_nano.a(lib_a-impure.o)
                0x0000000020000048                _impure_ptr
 .data.impure_data
                0x000000002000004c       0x60 c:/st/stm32cubeide_1.7.0/stm32cubeide/plugins/com.st.stm32cube.ide.mcu.externaltools.gnu-tools-for-stm32.9-2020-q2-update.win32_2.0.0.202105311346/tools/bin/../lib/gcc/arm-none-eabi/9.3.1/../../../../arm-none-eabi/lib/thumb/v7-m/nofp\libc_nano.a(lib_a-impure.o)
 .data.__fdlib_version
                0x00000000200000ac        0x1 c:/st/stm32cubeide_1.7.0/stm32cubeide/plugins/com.st.stm32cube.ide.mcu.externaltools.gnu-tools-for-stm32.9-2020-q2-update.win32_2.0.0.202105311346/tools/bin/../lib/gcc/arm-none-eabi/9.3.1/../../../../arm-none-eabi/lib/thumb/v7-m/nofp\libm.a(lib_a-s_lib_ver.o)
                0x00000000200000ac                __fdlib_version
 *(.RamFunc)
 *(.RamFunc*)
                0x00000000200000b0                . = ALIGN (0x4)
 *fill*         0x00000000200000ad        0x3 
                0x00000000200000b0                _edata = .

.igot.plt       0x00000000200000b0        0x0 load address 0x0000000008002780
 .igot.plt      0x00000000200000b0        0x0 c:/st/stm32cubeide_1.7.0/stm32cubeide/plugins/com.st.stm32cube.ide.mcu.externaltools.gnu-tools-for-stm32.9-2020-q2-update.win32_2.0.0.202105311346/tools/bin/../lib/gcc/arm-none-eabi/9.3.1/thumb/v7-m/nofp/crtbegin.o
                0x00000000200000b0                . = ALIGN (0x4)

.bss            0x00000000200000b0       0x90 load address 0x0000000008002780
                0x00000000200000b0                _sbss = .
                0x00000000200000b0                __bss_start__ = _sbss
 *(.bss)
 .bss           0x00000000200000b0       0x1c c:/st/stm32cubeide_1.7.0/stm32cubeide/plugins/com.st.stm32cube.ide.mcu.externaltools.gnu-tools-for-stm32.9-2020-q2-update.win32_2.0.0.202105311346/tools/bin/../lib/gcc/arm-none-eabi/9.3.1/thumb/v7-m/nofp/crtbegin.o
 *(.bss*)
 .bss.MAX31865_PT100_R
                0x00000000200000cc        0x4 ./Core/Src/MAX31865.o
                0x00000000200000cc                MAX31865_PT100_R
 .bss.MAX31865_PT100_T
                0x00000000200000d0        0x4 ./Core/Src/MAX31865.o
                0x00000000200000d0                MAX31865_PT100_T
 .bss.MAX31865_Correction_additive
                0x00000000200000d4        0x4 ./Core/Src/MAX31865.o
                0x00000000200000d4                MAX31865_Correction_additive
 .bss.MAX31865_Sensor_Error
                0x00000000200000d8        0x1 ./Core/Src/MAX31865.o
                0x00000000200000d8                MAX31865_Sensor_Error
 *fill*         0x00000000200000d9        0x3 
 .bss.SysTimer_ms
                0x00000000200000dc        0x4 ./Core/Src/stm32f103xx_CMSIS.o
                0x00000000200000dc                SysTimer_ms
 .bss.Delay_counter_ms
                0x00000000200000e0        0x4 ./Core/Src/stm32f103xx_CMSIS.o
                0x00000000200000e0                Delay_counter_ms
 .bss.Timeout_counter_ms
                0x00000000200000e4        0x4 ./Core/Src/stm32f103xx_CMSIS.o
                0x00000000200000e4                Timeout_counter_ms
 *(COMMON)
 COMMON         0x00000000200000e8       0x58 ./Core/Src/stm32f103xx_CMSIS.o
                0x00000000200000e8                husart2
                0x0000000020000114                husart1
                0x0000000020000140                . = ALIGN (0x4)
                0x0000000020000140                _ebss = .
                0x0000000020000140                __bss_end__ = _ebss

._user_heap_stack
                0x0000000020000140      0x300 load address 0x0000000008002780
                0x0000000020000140                . = ALIGN (0x8)
                [!provide]                        PROVIDE (end = .)
                0x0000000020000140                PROVIDE (_end = .)
                0x0000000020000240                . = (. + _Min_Heap_Size)
 *fill*         0x0000000020000140      0x100 
                0x0000000020000440                . = (. + _Min_Stack_Size)
 *fill*         0x0000000020000240      0x200 
                0x0000000020000440                . = ALIGN (0x8)

/DISCARD/
 libc.a(*)
 libm.a(*)
 libgcc.a(*)

.ARM.attributes
                0x0000000000000000       0x29
 *(.ARM.attributes)
 .ARM.attributes
                0x0000000000000000       0x1d c:/st/stm32cubeide_1.7.0/stm32cubeide/plugins/com.st.stm32cube.ide.mcu.externaltools.gnu-tools-for-stm32.9-2020-q2-update.win32_2.0.0.202105311346/tools/bin/../lib/gcc/arm-none-eabi/9.3.1/thumb/v7-m/nofp/crti.o
 .ARM.attributes
                0x000000000000001d       0x2d c:/st/stm32cubeide_1.7.0/stm32cubeide/plugins/com.st.stm32cube.ide.mcu.externaltools.gnu-tools-for-stm32.9-2020-q2-update.win32_2.0.0.202105311346/tools/bin/../lib/gcc/arm-none-eabi/9.3.1/thumb/v7-m/nofp/crtbegin.o
 .ARM.attributes
                0x000000000000004a       0x2d ./Core/Src/MAX31865.o
 .ARM.attributes
                0x0000000000000077       0x2d ./Core/Src/main.o
 .ARM.attributes
                0x00000000000000a4       0x2d ./Core/Src/rtd_calculator.o
 .ARM.attributes
                0x00000000000000d1       0x2d ./Core/Src/stm32f103xx_CMSIS.o
 .ARM.attributes
                0x00000000000000fe       0x2d ./Core/Src/system_stm32f1xx.o
 .ARM.attributes
                0x000000000000012b       0x21 ./Core/Startup/startup_stm32f103c8tx.o
 .ARM.attributes
                0x000000000000014c       0x2d c:/st/stm32cubeide_1.7.0/stm32cubeide/plugins/com.st.stm32cube.ide.mcu.externaltools.gnu-tools-for-stm32.9-2020-q2-update.win32_2.0.0.202105311346/tools/bin/../lib/gcc/arm-none-eabi/9.3.1/../../../../arm-none-eabi/lib/thumb/v7-m/nofp\libc_nano.a(lib_a-errno.o)
 .ARM.attributes
                0x0000000000000179       0x2d c:/st/stm32cubeide_1.7.0/stm32cubeide/plugins/com.st.stm32cube.ide.mcu.externaltools.gnu-tools-for-stm32.9-2020-q2-update.win32_2.0.0.202105311346/tools/bin/../lib/gcc/arm-none-eabi/9.3.1/../../../../arm-none-eabi/lib/thumb/v7-m/nofp\libc_nano.a(lib_a-impure.o)
 .ARM.attributes
                0x00000000000001a6       0x2d c:/st/stm32cubeide_1.7.0/stm32cubeide/plugins/com.st.stm32cube.ide.mcu.externaltools.gnu-tools-for-stm32.9-2020-q2-update.win32_2.0.0.202105311346/tools/bin/../lib/gcc/arm-none-eabi/9.3.1/../../../../arm-none-eabi/lib/thumb/v7-m/nofp\libc_nano.a(lib_a-init.o)
 .ARM.attributes
                0x00000000000001d3       0x2d c:/st/stm32cubeide_1.7.0/stm32cubeide/plugins/com.st.stm32cube.ide.mcu.externaltools.gnu-tools-for-stm32.9-2020-q2-update.win32_2.0.0.202105311346/tools/bin/../lib/gcc/arm-none-eabi/9.3.1/../../../../arm-none-eabi/lib/thumb/v7-m/nofp\libm.a(lib_a-w_pow.o)
 .ARM.attributes
                0x0000000000000200       0x2d c:/st/stm32cubeide_1.7.0/stm32cubeide/plugins/com.st.stm32cube.ide.mcu.externaltools.gnu-tools-for-stm32.9-2020-q2-update.win32_2.0.0.202105311346/tools/bin/../lib/gcc/arm-none-eabi/9.3.1/../../../../arm-none-eabi/lib/thumb/v7-m/nofp\libm.a(lib_a-w_sqrt.o)
 .ARM.attributes
                0x000000000000022d       0x2d c:/st/stm32cubeide_1.7.0/stm32cubeide/plugins/com.st.stm32cube.ide.mcu.externaltools.gnu-tools-for-stm32.9-2020-q2-update.win32_2.0.0.202105311346/tools/bin/../lib/gcc/arm-none-eabi/9.3.1/../../../../arm-none-eabi/lib/thumb/v7-m/nofp\libm.a(lib_a-e_pow.o)
 .ARM.attributes
                0x000000000000025a       0x2d c:/st/stm32cubeide_1.7.0/stm32cubeide/plugins/com.st.stm32cube.ide.mcu.externaltools.gnu-tools-for-stm32.9-2020-q2-update.win32_2.0.0.202105311346/tools/bin/../lib/gcc/arm-none-eabi/9.3.1/../../../../arm-none-eabi/lib/thumb/v7-m/nofp\libm.a(lib_a-e_sqrt.o)
 .ARM.attributes
                0x0000000000000287       0x2d c:/st/stm32cubeide_1.7.0/stm32cubeide/plugins/com.st.stm32cube.ide.mcu.externaltools.gnu-tools-for-stm32.9-2020-q2-update.win32_2.0.0.202105311346/tools/bin/../lib/gcc/arm-none-eabi/9.3.1/../../../../arm-none-eabi/lib/thumb/v7-m/nofp\libm.a(lib_a-s_fabs.o)
 .ARM.attributes
                0x00000000000002b4       0x2d c:/st/stm32cubeide_1.7.0/stm32cubeide/plugins/com.st.stm32cube.ide.mcu.externaltools.gnu-tools-for-stm32.9-2020-q2-update.win32_2.0.0.202105311346/tools/bin/../lib/gcc/arm-none-eabi/9.3.1/../../../../arm-none-eabi/lib/thumb/v7-m/nofp\libm.a(lib_a-s_finite.o)
 .ARM.attributes
                0x00000000000002e1       0x2d c:/st/stm32cubeide_1.7.0/stm32cubeide/plugins/com.st.stm32cube.ide.mcu.externaltools.gnu-tools-for-stm32.9-2020-q2-update.win32_2.0.0.202105311346/tools/bin/../lib/gcc/arm-none-eabi/9.3.1/../../../../arm-none-eabi/lib/thumb/v7-m/nofp\libm.a(lib_a-s_lib_ver.o)
 .ARM.attributes
                0x000000000000030e       0x2d c:/st/stm32cubeide_1.7.0/stm32cubeide/plugins/com.st.stm32cube.ide.mcu.externaltools.gnu-tools-for-stm32.9-2020-q2-update.win32_2.0.0.202105311346/tools/bin/../lib/gcc/arm-none-eabi/9.3.1/../../../../arm-none-eabi/lib/thumb/v7-m/nofp\libm.a(lib_a-s_nan.o)
 .ARM.attributes
                0x000000000000033b       0x2d c:/st/stm32cubeide_1.7.0/stm32cubeide/plugins/com.st.stm32cube.ide.mcu.externaltools.gnu-tools-for-stm32.9-2020-q2-update.win32_2.0.0.202105311346/tools/bin/../lib/gcc/arm-none-eabi/9.3.1/../../../../arm-none-eabi/lib/thumb/v7-m/nofp\libm.a(lib_a-s_rint.o)
 .ARM.attributes
                0x0000000000000368       0x2d c:/st/stm32cubeide_1.7.0/stm32cubeide/plugins/com.st.stm32cube.ide.mcu.externaltools.gnu-tools-for-stm32.9-2020-q2-update.win32_2.0.0.202105311346/tools/bin/../lib/gcc/arm-none-eabi/9.3.1/../../../../arm-none-eabi/lib/thumb/v7-m/nofp\libm.a(lib_a-s_scalbn.o)
 .ARM.attributes
                0x0000000000000395       0x1d c:/st/stm32cubeide_1.7.0/stm32cubeide/plugins/com.st.stm32cube.ide.mcu.externaltools.gnu-tools-for-stm32.9-2020-q2-update.win32_2.0.0.202105311346/tools/bin/../lib/gcc/arm-none-eabi/9.3.1/thumb/v7-m/nofp\libgcc.a(_arm_addsubdf3.o)
 .ARM.attributes
                0x00000000000003b2       0x1d c:/st/stm32cubeide_1.7.0/stm32cubeide/plugins/com.st.stm32cube.ide.mcu.externaltools.gnu-tools-for-stm32.9-2020-q2-update.win32_2.0.0.202105311346/tools/bin/../lib/gcc/arm-none-eabi/9.3.1/thumb/v7-m/nofp\libgcc.a(_arm_muldivdf3.o)
 .ARM.attributes
                0x00000000000003cf       0x1d c:/st/stm32cubeide_1.7.0/stm32cubeide/plugins/com.st.stm32cube.ide.mcu.externaltools.gnu-tools-for-stm32.9-2020-q2-update.win32_2.0.0.202105311346/tools/bin/../lib/gcc/arm-none-eabi/9.3.1/thumb/v7-m/nofp\libgcc.a(_arm_cmpdf2.o)
 .ARM.attributes
                0x00000000000003ec       0x1d c:/st/stm32cubeide_1.7.0/stm32cubeide/plugins/com.st.stm32cube.ide.mcu.externaltools.gnu-tools-for-stm32.9-2020-q2-update.win32_2.0.0.202105311346/tools/bin/../lib/gcc/arm-none-eabi/9.3.1/thumb/v7-m/nofp\libgcc.a(_arm_unorddf2.o)
 .ARM.attributes
                0x0000000000000409       0x1d c:/st/stm32cubeide_1.7.0/stm32cubeide/plugins/com.st.stm32cube.ide.mcu.externaltools.gnu-tools-for-stm32.9-2020-q2-update.win32_2.0.0.202105311346/tools/bin/../lib/gcc/arm-none-eabi/9.3.1/thumb/v7-m/nofp\libgcc.a(_arm_truncdfsf2.o)
 .ARM.attributes
                0x0000000000000426       0x1d c:/st/stm32cubeide_1.7.0/stm32cubeide/plugins/com.st.stm32cube.ide.mcu.externaltools.gnu-tools-for-stm32.9-2020-q2-update.win32_2.0.0.202105311346/tools/bin/../lib/gcc/arm-none-eabi/9.3.1/thumb/v7-m/nofp/crtn.o
OUTPUT(MAX31865_CMSIS.elf elf32-littlearm)
LOAD linker stubs
LOAD c:/st/stm32cubeide_1.7.0/stm32cubeide/plugins/com.st.stm32cube.ide.mcu.externaltools.gnu-tools-for-stm32.9-2020-q2-update.win32_2.0.0.202105311346/tools/bin/../lib/gcc/arm-none-eabi/9.3.1/../../../../arm-none-eabi/lib/thumb/v7-m/nofp\libc.a
LOAD c:/st/stm32cubeide_1.7.0/stm32cubeide/plugins/com.st.stm32cube.ide.mcu.externaltools.gnu-tools-for-stm32.9-2020-q2-update.win32_2.0.0.202105311346/tools/bin/../lib/gcc/arm-none-eabi/9.3.1/../../../../arm-none-eabi/lib/thumb/v7-m/nofp\libm.a
LOAD c:/st/stm32cubeide_1.7.0/stm32cubeide/plugins/com.st.stm32cube.ide.mcu.externaltools.gnu-tools-for-stm32.9-2020-q2-update.win32_2.0.0.202105311346/tools/bin/../lib/gcc/arm-none-eabi/9.3.1/thumb/v7-m/nofp\libgcc.a

.debug_info     0x0000000000000000     0x3b5a
 .debug_info    0x0000000000000000      0xd0e ./Core/Src/MAX31865.o
 .debug_info    0x0000000000000d0e      0xc02 ./Core/Src/main.o
 .debug_info    0x0000000000001910      0xc4f ./Core/Src/rtd_calculator.o
 .debug_info    0x000000000000255f     0x1379 ./Core/Src/stm32f103xx_CMSIS.o
 .debug_info    0x00000000000038d8      0x260 ./Core/Src/system_stm32f1xx.o
 .debug_info    0x0000000000003b38       0x22 ./Core/Startup/startup_stm32f103c8tx.o

.debug_abbrev   0x0000000000000000      0xa4c
 .debug_abbrev  0x0000000000000000      0x23e ./Core/Src/MAX31865.o
 .debug_abbrev  0x000000000000023e      0x1d3 ./Core/Src/main.o
 .debug_abbrev  0x0000000000000411      0x23b ./Core/Src/rtd_calculator.o
 .debug_abbrev  0x000000000000064c      0x2a0 ./Core/Src/stm32f103xx_CMSIS.o
 .debug_abbrev  0x00000000000008ec      0x14e ./Core/Src/system_stm32f1xx.o
 .debug_abbrev  0x0000000000000a3a       0x12 ./Core/Startup/startup_stm32f103c8tx.o

.debug_aranges  0x0000000000000000      0x238
 .debug_aranges
                0x0000000000000000       0x38 ./Core/Src/MAX31865.o
 .debug_aranges
                0x0000000000000038       0x20 ./Core/Src/main.o
 .debug_aranges
                0x0000000000000058       0x48 ./Core/Src/rtd_calculator.o
 .debug_aranges
                0x00000000000000a0      0x148 ./Core/Src/stm32f103xx_CMSIS.o
 .debug_aranges
                0x00000000000001e8       0x28 ./Core/Src/system_stm32f1xx.o
 .debug_aranges
                0x0000000000000210       0x28 ./Core/Startup/startup_stm32f103c8tx.o

.debug_ranges   0x0000000000000000      0x1e0
 .debug_ranges  0x0000000000000000       0x28 ./Core/Src/MAX31865.o
 .debug_ranges  0x0000000000000028       0x10 ./Core/Src/main.o
 .debug_ranges  0x0000000000000038       0x38 ./Core/Src/rtd_calculator.o
 .debug_ranges  0x0000000000000070      0x138 ./Core/Src/stm32f103xx_CMSIS.o
 .debug_ranges  0x00000000000001a8       0x18 ./Core/Src/system_stm32f1xx.o
 .debug_ranges  0x00000000000001c0       0x20 ./Core/Startup/startup_stm32f103c8tx.o

.debug_macro    0x0000000000000000    0x1130f
 .debug_macro   0x0000000000000000      0x1af ./Core/Src/MAX31865.o
 .debug_macro   0x00000000000001af      0xa96 ./Core/Src/MAX31865.o
 .debug_macro   0x0000000000000c45       0x22 ./Core/Src/MAX31865.o
 .debug_macro   0x0000000000000c67       0x8e ./Core/Src/MAX31865.o
 .debug_macro   0x0000000000000cf5       0x51 ./Core/Src/MAX31865.o
 .debug_macro   0x0000000000000d46      0x103 ./Core/Src/MAX31865.o
 .debug_macro   0x0000000000000e49       0x6a ./Core/Src/MAX31865.o
 .debug_macro   0x0000000000000eb3      0x1df ./Core/Src/MAX31865.o
 .debug_macro   0x0000000000001092       0x52 ./Core/Src/MAX31865.o
 .debug_macro   0x00000000000010e4       0x18 ./Core/Src/MAX31865.o
 .debug_macro   0x00000000000010fc       0x3c ./Core/Src/MAX31865.o
 .debug_macro   0x0000000000001138       0x34 ./Core/Src/MAX31865.o
 .debug_macro   0x000000000000116c      0x174 ./Core/Src/MAX31865.o
 .debug_macro   0x00000000000012e0       0x16 ./Core/Src/MAX31865.o
 .debug_macro   0x00000000000012f6       0x43 ./Core/Src/MAX31865.o
 .debug_macro   0x0000000000001339       0x34 ./Core/Src/MAX31865.o
 .debug_macro   0x000000000000136d       0x10 ./Core/Src/MAX31865.o
 .debug_macro   0x000000000000137d       0x58 ./Core/Src/MAX31865.o
 .debug_macro   0x00000000000013d5       0x71 ./Core/Src/MAX31865.o
 .debug_macro   0x0000000000001446       0x1c ./Core/Src/MAX31865.o
 .debug_macro   0x0000000000001462      0x12a ./Core/Src/MAX31865.o
 .debug_macro   0x000000000000158c      0x339 ./Core/Src/MAX31865.o
 .debug_macro   0x00000000000018c5      0x1a9 ./Core/Src/MAX31865.o
 .debug_macro   0x0000000000001a6e       0x82 ./Core/Src/MAX31865.o
 .debug_macro   0x0000000000001af0       0x22 ./Core/Src/MAX31865.o
 .debug_macro   0x0000000000001b12       0x22 ./Core/Src/MAX31865.o
 .debug_macro   0x0000000000001b34       0x2e ./Core/Src/MAX31865.o
 .debug_macro   0x0000000000001b62       0x22 ./Core/Src/MAX31865.o
 .debug_macro   0x0000000000001b84       0x1c ./Core/Src/MAX31865.o
 .debug_macro   0x0000000000001ba0       0x22 ./Core/Src/MAX31865.o
 .debug_macro   0x0000000000001bc2       0xbd ./Core/Src/MAX31865.o
 .debug_macro   0x0000000000001c7f      0xd23 ./Core/Src/MAX31865.o
 .debug_macro   0x00000000000029a2     0xe09e ./Core/Src/MAX31865.o
 .debug_macro   0x0000000000010a40       0x6d ./Core/Src/MAX31865.o
 .debug_macro   0x0000000000010aad      0x1a7 ./Core/Src/main.o
 .debug_macro   0x0000000000010c54       0xc3 ./Core/Src/main.o
 .debug_macro   0x0000000000010d17      0x333 ./Core/Src/main.o
 .debug_macro   0x000000000001104a      0x11c ./Core/Src/rtd_calculator.o
 .debug_macro   0x0000000000011166       0xe1 ./Core/Src/stm32f103xx_CMSIS.o
 .debug_macro   0x0000000000011247       0xc8 ./Core/Src/system_stm32f1xx.o

.debug_line     0x0000000000000000     0x2aec
 .debug_line    0x0000000000000000      0x68a ./Core/Src/MAX31865.o
 .debug_line    0x000000000000068a      0x5f2 ./Core/Src/main.o
 .debug_line    0x0000000000000c7c      0x772 ./Core/Src/rtd_calculator.o
 .debug_line    0x00000000000013ee     0x11cc ./Core/Src/stm32f103xx_CMSIS.o
 .debug_line    0x00000000000025ba      0x4ab ./Core/Src/system_stm32f1xx.o
 .debug_line    0x0000000000002a65       0x87 ./Core/Startup/startup_stm32f103c8tx.o

.debug_str      0x0000000000000000    0x58f22
 .debug_str     0x0000000000000000    0x584ec ./Core/Src/MAX31865.o
                                      0x588a8 (size before relaxing)
 .debug_str     0x00000000000584ec       0x67 ./Core/Src/main.o
                                      0x58724 (size before relaxing)
 .debug_str     0x0000000000058553       0xcf ./Core/Src/rtd_calculator.o
                                       0x7c98 (size before relaxing)
 .debug_str     0x0000000000058622      0x84c ./Core/Src/stm32f103xx_CMSIS.o
                                      0x54fe4 (size before relaxing)
 .debug_str     0x0000000000058e6e       0x7e ./Core/Src/system_stm32f1xx.o
                                      0x546a9 (size before relaxing)
 .debug_str     0x0000000000058eec       0x36 ./Core/Startup/startup_stm32f103c8tx.o
                                         0x52 (size before relaxing)

.comment        0x0000000000000000       0x53
 .comment       0x0000000000000000       0x53 ./Core/Src/MAX31865.o
                                         0x54 (size before relaxing)
 .comment       0x0000000000000053       0x54 ./Core/Src/main.o
 .comment       0x0000000000000053       0x54 ./Core/Src/rtd_calculator.o
 .comment       0x0000000000000053       0x54 ./Core/Src/stm32f103xx_CMSIS.o
 .comment       0x0000000000000053       0x54 ./Core/Src/system_stm32f1xx.o

.debug_frame    0x0000000000000000      0xb60
 .debug_frame   0x0000000000000000       0xa0 ./Core/Src/MAX31865.o
 .debug_frame   0x00000000000000a0       0x30 ./Core/Src/main.o
 .debug_frame   0x00000000000000d0      0x120 ./Core/Src/rtd_calculator.o
 .debug_frame   0x00000000000001f0      0x50c ./Core/Src/stm32f103xx_CMSIS.o
 .debug_frame   0x00000000000006fc       0x58 ./Core/Src/system_stm32f1xx.o
 .debug_frame   0x0000000000000754       0x20 c:/st/stm32cubeide_1.7.0/stm32cubeide/plugins/com.st.stm32cube.ide.mcu.externaltools.gnu-tools-for-stm32.9-2020-q2-update.win32_2.0.0.202105311346/tools/bin/../lib/gcc/arm-none-eabi/9.3.1/../../../../arm-none-eabi/lib/thumb/v7-m/nofp\libc_nano.a(lib_a-errno.o)
 .debug_frame   0x0000000000000774       0x2c c:/st/stm32cubeide_1.7.0/stm32cubeide/plugins/com.st.stm32cube.ide.mcu.externaltools.gnu-tools-for-stm32.9-2020-q2-update.win32_2.0.0.202105311346/tools/bin/../lib/gcc/arm-none-eabi/9.3.1/../../../../arm-none-eabi/lib/thumb/v7-m/nofp\libc_nano.a(lib_a-init.o)
 .debug_frame   0x00000000000007a0       0x34 c:/st/stm32cubeide_1.7.0/stm32cubeide/plugins/com.st.stm32cube.ide.mcu.externaltools.gnu-tools-for-stm32.9-2020-q2-update.win32_2.0.0.202105311346/tools/bin/../lib/gcc/arm-none-eabi/9.3.1/../../../../arm-none-eabi/lib/thumb/v7-m/nofp\libm.a(lib_a-w_pow.o)
 .debug_frame   0x00000000000007d4       0x30 c:/st/stm32cubeide_1.7.0/stm32cubeide/plugins/com.st.stm32cube.ide.mcu.externaltools.gnu-tools-for-stm32.9-2020-q2-update.win32_2.0.0.202105311346/tools/bin/../lib/gcc/arm-none-eabi/9.3.1/../../../../arm-none-eabi/lib/thumb/v7-m/nofp\libm.a(lib_a-w_sqrt.o)
 .debug_frame   0x0000000000000804       0x64 c:/st/stm32cubeide_1.7.0/stm32cubeide/plugins/com.st.stm32cube.ide.mcu.externaltools.gnu-tools-for-stm32.9-2020-q2-update.win32_2.0.0.202105311346/tools/bin/../lib/gcc/arm-none-eabi/9.3.1/../../../../arm-none-eabi/lib/thumb/v7-m/nofp\libm.a(lib_a-e_pow.o)
 .debug_frame   0x0000000000000868       0x30 c:/st/stm32cubeide_1.7.0/stm32cubeide/plugins/com.st.stm32cube.ide.mcu.externaltools.gnu-tools-for-stm32.9-2020-q2-update.win32_2.0.0.202105311346/tools/bin/../lib/gcc/arm-none-eabi/9.3.1/../../../../arm-none-eabi/lib/thumb/v7-m/nofp\libm.a(lib_a-e_sqrt.o)
 .debug_frame   0x0000000000000898       0x20 c:/st/stm32cubeide_1.7.0/stm32cubeide/plugins/com.st.stm32cube.ide.mcu.externaltools.gnu-tools-for-stm32.9-2020-q2-update.win32_2.0.0.202105311346/tools/bin/../lib/gcc/arm-none-eabi/9.3.1/../../../../arm-none-eabi/lib/thumb/v7-m/nofp\libm.a(lib_a-s_fabs.o)
 .debug_frame   0x00000000000008b8       0x20 c:/st/stm32cubeide_1.7.0/stm32cubeide/plugins/com.st.stm32cube.ide.mcu.externaltools.gnu-tools-for-stm32.9-2020-q2-update.win32_2.0.0.202105311346/tools/bin/../lib/gcc/arm-none-eabi/9.3.1/../../../../arm-none-eabi/lib/thumb/v7-m/nofp\libm.a(lib_a-s_finite.o)
 .debug_frame   0x00000000000008d8       0x20 c:/st/stm32cubeide_1.7.0/stm32cubeide/plugins/com.st.stm32cube.ide.mcu.externaltools.gnu-tools-for-stm32.9-2020-q2-update.win32_2.0.0.202105311346/tools/bin/../lib/gcc/arm-none-eabi/9.3.1/../../../../arm-none-eabi/lib/thumb/v7-m/nofp\libm.a(lib_a-s_nan.o)
 .debug_frame   0x00000000000008f8       0x34 c:/st/stm32cubeide_1.7.0/stm32cubeide/plugins/com.st.stm32cube.ide.mcu.externaltools.gnu-tools-for-stm32.9-2020-q2-update.win32_2.0.0.202105311346/tools/bin/../lib/gcc/arm-none-eabi/9.3.1/../../../../arm-none-eabi/lib/thumb/v7-m/nofp\libm.a(lib_a-s_rint.o)
 .debug_frame   0x000000000000092c       0x30 c:/st/stm32cubeide_1.7.0/stm32cubeide/plugins/com.st.stm32cube.ide.mcu.externaltools.gnu-tools-for-stm32.9-2020-q2-update.win32_2.0.0.202105311346/tools/bin/../lib/gcc/arm-none-eabi/9.3.1/../../../../arm-none-eabi/lib/thumb/v7-m/nofp\libm.a(lib_a-s_scalbn.o)
 .debug_frame   0x000000000000095c       0xac c:/st/stm32cubeide_1.7.0/stm32cubeide/plugins/com.st.stm32cube.ide.mcu.externaltools.gnu-tools-for-stm32.9-2020-q2-update.win32_2.0.0.202105311346/tools/bin/../lib/gcc/arm-none-eabi/9.3.1/thumb/v7-m/nofp\libgcc.a(_arm_addsubdf3.o)
 .debug_frame   0x0000000000000a08       0x50 c:/st/stm32cubeide_1.7.0/stm32cubeide/plugins/com.st.stm32cube.ide.mcu.externaltools.gnu-tools-for-stm32.9-2020-q2-update.win32_2.0.0.202105311346/tools/bin/../lib/gcc/arm-none-eabi/9.3.1/thumb/v7-m/nofp\libgcc.a(_arm_muldivdf3.o)
 .debug_frame   0x0000000000000a58       0xc4 c:/st/stm32cubeide_1.7.0/stm32cubeide/plugins/com.st.stm32cube.ide.mcu.externaltools.gnu-tools-for-stm32.9-2020-q2-update.win32_2.0.0.202105311346/tools/bin/../lib/gcc/arm-none-eabi/9.3.1/thumb/v7-m/nofp\libgcc.a(_arm_cmpdf2.o)
 .debug_frame   0x0000000000000b1c       0x20 c:/st/stm32cubeide_1.7.0/stm32cubeide/plugins/com.st.stm32cube.ide.mcu.externaltools.gnu-tools-for-stm32.9-2020-q2-update.win32_2.0.0.202105311346/tools/bin/../lib/gcc/arm-none-eabi/9.3.1/thumb/v7-m/nofp\libgcc.a(_arm_unorddf2.o)
 .debug_frame   0x0000000000000b3c       0x24 c:/st/stm32cubeide_1.7.0/stm32cubeide/plugins/com.st.stm32cube.ide.mcu.externaltools.gnu-tools-for-stm32.9-2020-q2-update.win32_2.0.0.202105311346/tools/bin/../lib/gcc/arm-none-eabi/9.3.1/thumb/v7-m/nofp\libgcc.a(_arm_truncdfsf2.o)
