core_cm3.h:1511:22:__NVIC_EnableIRQ	16	static
stm32f103xx_CMSIS.c:34:6:CMSIS_Debug_init	4	static
stm32f103xx_CMSIS.c:93:6:CMSIS_RCC_SystemClock_72MHz	4	static
stm32f103xx_CMSIS.c:461:6:CMSIS_SysTick_Timer_init	4	static
stm32f103xx_CMSIS.c:562:6:Delay_ms	16	static
stm32f103xx_CMSIS.c:573:6:SysTick_Handler	4	static
stm32f103xx_CMSIS.c:671:6:CMSIS_PC13_OUTPUT_Push_Pull_init	4	static
stm32f103xx_CMSIS.c:682:6:CMSIS_Blink_PC13	16	static
stm32f103xx_CMSIS.c:696:6:CMSIS_PA8_MCO_init	4	static
stm32f103xx_CMSIS.c:737:6:CMSIS_RCC_AFIO_enable	4	static
stm32f103xx_CMSIS.c:758:6:CMSIS_AFIO_EXTICR1_B0_select	4	static
stm32f103xx_CMSIS.c:768:6:CMSIS_PB0_INPUT_Pull_Down_init	4	static
stm32f103xx_CMSIS.c:785:6:CMSIS_EXTI_0_init	8	static
stm32f103xx_CMSIS.c:866:13:EXTI0_IRQHandler	4	static
stm32f103xx_CMSIS.c:939:6:CMSIS_TIM3_init	8	static
stm32f103xx_CMSIS.c:969:6:CMSIS_TIM3_PWM_CHANNEL1_init	4	static
stm32f103xx_CMSIS.c:990:6:CMSIS_TIM3_PWM_CHANNEL2_init	4	static
stm32f103xx_CMSIS.c:1011:13:TIM3_IRQHandler	4	static
stm32f103xx_CMSIS.c:1124:6:CMSIS_ADC_DMA_init	8	static
stm32f103xx_CMSIS.c:1235:13:ADC1_2_IRQHandler	4	static
stm32f103xx_CMSIS.c:1245:13:DMA1_Channel1_IRQHandler	4	static
stm32f103xx_CMSIS.c:1395:6:CMSIS_USART1_Init	8	static
stm32f103xx_CMSIS.c:1469:6:CMSIS_USART2_Init	8	static
stm32f103xx_CMSIS.c:1543:13:USART1_IRQHandler	4	static
stm32f103xx_CMSIS.c:1558:13:USART2_IRQHandler	4	static
stm32f103xx_CMSIS.c:1582:6:CMSIS_USART_Transmit	32	static
stm32f103xx_CMSIS.c:1644:6:CMSIS_I2C_Reset	4	static
stm32f103xx_CMSIS.c:1663:6:CMSIS_I2C1_Init	8	static
stm32f103xx_CMSIS.c:1738:6:CMSIS_I2C_Adress_Device_Scan	24	static
stm32f103xx_CMSIS.c:1819:6:CMSIS_I2C_Data_Transmit	32	static
stm32f103xx_CMSIS.c:1918:6:CMSIS_I2C_Data_Receive	32	static
stm32f103xx_CMSIS.c:2029:6:CMSIS_I2C_MemWrite	24	static
stm32f103xx_CMSIS.c:2144:6:CMSIS_I2C_MemRead	24	static
stm32f103xx_CMSIS.c:2337:6:CMSIS_SPI1_init	4	static
stm32f103xx_CMSIS.c:2426:6:CMSIS_SPI_Data_Transmit_8BIT	32	static
stm32f103xx_CMSIS.c:2476:6:CMSIS_SPI_Data_Transmit_16BIT	32	static
stm32f103xx_CMSIS.c:2526:6:CMSIS_SPI_Data_Receive_8BIT	32	static
stm32f103xx_CMSIS.c:2573:6:CMSIS_SPI_Data_Receive_16BIT	32	static
